// Jest Snapshot v1, https://goo.gl/fbAQLP

exports[`Navbar header test should stay the same 1`] = `
<div
  className="navbar"
>
  <h1
    className="page-title"
  />
</div>
`;
